> y
[1] "   100 00"  "  100.00  " "100 00    "
> y<-str_trim(gsub("[^ |[:digit:]|\\.]","",x))
> y
[1] "100 00" "100.00" "100 00"
> y<-gsub(" ","\\.",str_trim(gsub("[^ |[:digit:]|\\.]","",x)))
> y
[1] "100.00" "100.00" "100.00"
> x
[1] "   100 00"      "  100.00  "     "100 00 )(*&   "
> y=gsub("\\s+"," ",x)
> y
[1] " 100 00"      " 100.00 "     "100 00 )(*& "
> x
[1] "   100 00"      "  100.00  "     "100 00 )(*&   "
> x<-c("   100   00","  100.00  ","100 00 )(*&   ","   100 00   ")
> y<-str_trim(gsub("[^ |[:digit:]|\\.]","",x)
+ y
Error: unexpected symbol in:
"y<-str_trim(gsub("[^ |[:digit:]|\\.]","",x)
y"
> y
[1] " 100 00"      " 100.00 "     "100 00 )(*& "
> y<-str_trim(gsub("[^ |[:digit:]|\\.]","",x)
+ y
Error: unexpected symbol in:
"y<-str_trim(gsub("[^ |[:digit:]|\\.]","",x)
y"
> y<-str_trim(gsub("[^ |[:digit:]|\\.]","",x))
> y
[1] "100   00" "100.00"   "100 00"   "100 00"  
> y<-gub("\\s+","\\.",str_trim(gsub("[^ |[:digit:]|\\.]","",x)))
Error in gub("\\s+", "\\.", str_trim(gsub("[^ |[:digit:]|\\.]", "", x))) : 
  could not find function "gub"
> y<-gsub("\\s+","\\.",str_trim(gsub("[^ |[:digit:]|\\.]","",x)))
> y
[1] "100.00" "100.00" "100.00" "100.00"
> 

